---
source: tests/auth_tests.rs
expression: inner
---
SignUpResponse {
    message: "User successfully created",
}
